---
source: src/oss/oss_parser.rs
expression: result
---
(
    [
        Target(
            Stats(
                TargetStat {
                    kind: Ost,
                    param: Param(
                        "stats",
                    ),
                    target: Target(
                        "fs-OST0000",
                    ),
                    value: [
                        Stat {
                            name: "write_bytes",
                            units: "bytes",
                            samples: 9,
                            min: Some(
                                98303,
                            ),
                            max: Some(
                                4194304,
                            ),
                            sum: Some(
                                33554431,
                            ),
                            sumsquare: None,
                        },
                        Stat {
                            name: "create",
                            units: "reqs",
                            samples: 4,
                            min: None,
                            max: None,
                            sum: None,
                            sumsquare: None,
                        },
                        Stat {
                            name: "statfs",
                            units: "reqs",
                            samples: 42297,
                            min: None,
                            max: None,
                            sum: None,
                            sumsquare: None,
                        },
                        Stat {
                            name: "get_info",
                            units: "reqs",
                            samples: 2,
                            min: None,
                            max: None,
                            sum: None,
                            sumsquare: None,
                        },
                        Stat {
                            name: "connect",
                            units: "reqs",
                            samples: 6,
                            min: None,
                            max: None,
                            sum: None,
                            sumsquare: None,
                        },
                        Stat {
                            name: "reconnect",
                            units: "reqs",
                            samples: 1,
                            min: None,
                            max: None,
                            sum: None,
                            sumsquare: None,
                        },
                        Stat {
                            name: "disconnect",
                            units: "reqs",
                            samples: 4,
                            min: None,
                            max: None,
                            sum: None,
                            sumsquare: None,
                        },
                        Stat {
                            name: "statfs",
                            units: "reqs",
                            samples: 46806,
                            min: None,
                            max: None,
                            sum: None,
                            sumsquare: None,
                        },
                        Stat {
                            name: "preprw",
                            units: "reqs",
                            samples: 9,
                            min: None,
                            max: None,
                            sum: None,
                            sumsquare: None,
                        },
                        Stat {
                            name: "commitrw",
                            units: "reqs",
                            samples: 9,
                            min: None,
                            max: None,
                            sum: None,
                            sumsquare: None,
                        },
                        Stat {
                            name: "ping",
                            units: "reqs",
                            samples: 8229,
                            min: None,
                            max: None,
                            sum: None,
                            sumsquare: None,
                        },
                    ],
                },
            ),
        ),
        Target(
            NumExports(
                TargetStat {
                    kind: Ost,
                    param: Param(
                        "num_exports",
                    ),
                    target: Target(
                        "fs-OST0000",
                    ),
                    value: 2,
                },
            ),
        ),
        Target(
            TotDirty(
                TargetStat {
                    kind: Ost,
                    param: Param(
                        "tot_dirty",
                    ),
                    target: Target(
                        "fs-OST0000",
                    ),
                    value: 0,
                },
            ),
        ),
        Target(
            TotGranted(
                TargetStat {
                    kind: Ost,
                    param: Param(
                        "tot_granted",
                    ),
                    target: Target(
                        "fs-OST0000",
                    ),
                    value: 8666816,
                },
            ),
        ),
        Target(
            TotPending(
                TargetStat {
                    kind: Ost,
                    param: Param(
                        "tot_pending",
                    ),
                    target: Target(
                        "fs-OST0000",
                    ),
                    value: 0,
                },
            ),
        ),
    ],
    "",
)
